{
  "version": "1.5.0",
  "plugins_used": [
    {
      "name": "ArtifactoryDetector"
    },
    {
      "name": "AWSKeyDetector"
    },
    {
      "name": "AzureStorageKeyDetector"
    },
    {
      "name": "Base64HighEntropyString",
      "limit": 4.5
    },
    {
      "name": "BasicAuthDetector"
    },
    {
      "name": "CloudantDetector"
    },
    {
      "name": "DiscordBotTokenDetector"
    },
    {
      "name": "GitHubTokenDetector"
    },
    {
      "name": "GitLabTokenDetector"
    },
    {
      "name": "HexHighEntropyString",
      "limit": 3.0
    },
    {
      "name": "IbmCloudIamDetector"
    },
    {
      "name": "IbmCosHmacDetector"
    },
    {
      "name": "IPPublicDetector"
    },
    {
      "name": "JwtTokenDetector"
    },
    {
      "name": "KeywordDetector",
      "keyword_exclude": ""
    },
    {
      "name": "MailchimpDetector"
    },
    {
      "name": "NpmDetector"
    },
    {
      "name": "OpenAIDetector"
    },
    {
      "name": "PrivateKeyDetector"
    },
    {
      "name": "PypiTokenDetector"
    },
    {
      "name": "SendGridDetector"
    },
    {
      "name": "SlackDetector"
    },
    {
      "name": "SoftlayerDetector"
    },
    {
      "name": "SquareOAuthDetector"
    },
    {
      "name": "StripeDetector"
    },
    {
      "name": "TelegramBotTokenDetector"
    },
    {
      "name": "TwilioKeyDetector"
    }
  ],
  "filters_used": [
    {
      "path": "detect_secrets.filters.allowlist.is_line_allowlisted"
    },
    {
      "path": "detect_secrets.filters.heuristic.is_indirect_reference"
    },
    {
      "path": "detect_secrets.filters.heuristic.is_likely_id_string"
    },
    {
      "path": "detect_secrets.filters.heuristic.is_lock_file"
    },
    {
      "path": "detect_secrets.filters.heuristic.is_not_alphanumeric_string"
    },
    {
      "path": "detect_secrets.filters.heuristic.is_potential_uuid"
    },
    {
      "path": "detect_secrets.filters.heuristic.is_prefixed_with_dollar_sign"
    },
    {
      "path": "detect_secrets.filters.heuristic.is_sequential_string"
    },
    {
      "path": "detect_secrets.filters.heuristic.is_swagger_file"
    },
    {
      "path": "detect_secrets.filters.heuristic.is_templated_secret"
    }
  ],
  "results": {
    "MILESTONE_9_WEBHOOK_IMPLEMENTATION_PLAN.md": [
      {
        "type": "Secret Keyword",
        "filename": "MILESTONE_9_WEBHOOK_IMPLEMENTATION_PLAN.md",
        "hashed_secret": "c4f98c53ac2811406c5e18e43d87d57edbc7bdc5",
        "is_verified": false
      }
    ],
    "README.md": [
      {
        "type": "Secret Keyword",
        "filename": "README.md",
        "hashed_secret": "14d1a141db72aa21b4974cd589691b09db0c1071",
        "is_verified": false
      },
      {
        "type": "Secret Keyword",
        "filename": "README.md",
        "hashed_secret": "6d9c68c603e465077bdd49c62347fe54717f83a3",
        "is_verified": false
      }
    ],
    "REMOTE_HERMES.md": [
      {
        "type": "Secret Keyword",
        "filename": "REMOTE_HERMES.md",
        "hashed_secret": "cfab083defc0efcc9d5f13f4242b58032a54ee61",
        "is_verified": false
      }
    ],
    "agent_console_attachments.py": [
      {
        "type": "Private Key",
        "filename": "agent_console_attachments.py",
        "hashed_secret": "1348b145fa1a555461c1b790a2f66614781091e9",
        "is_verified": false
      },
      {
        "type": "Private Key",
        "filename": "agent_console_attachments.py",
        "hashed_secret": "be4fc4886bd949b369d5e092eb87494f12e57e5b",
        "is_verified": false
      },
      {
        "type": "Private Key",
        "filename": "agent_console_attachments.py",
        "hashed_secret": "27c6929aef41ae2bcadac15ca6abcaff72cda9cd",
        "is_verified": false
      },
      {
        "type": "Private Key",
        "filename": "agent_console_attachments.py",
        "hashed_secret": "f0778f3e140a61d5bbbed5430773e52af2f5fba4",
        "is_verified": false
      }
    ],
    "remote_hermes.py": [
      {
        "type": "Secret Keyword",
        "filename": "remote_hermes.py",
        "hashed_secret": "07cda55ffb8d74da1437c1dd5e6ec57fb8bb27fc",
        "is_verified": false
      }
    ],
    "reviews/2026-08-14-hermes-020-live-validation.json": [
      {
        "type": "Hex High Entropy String",
        "filename": "reviews/2026-08-14-hermes-020-live-validation.json",
        "hashed_secret": "cc8151fe47d03b9df0559f7ba880e82b1ab599cd",
        "is_verified": false
      }
    ],
    "reviews/2026-08-14-hermes-020-product-decisions-lighthouse.json": [
      {
        "type": "Hex High Entropy String",
        "filename": "reviews/2026-08-14-hermes-020-product-decisions-lighthouse.json",
        "hashed_secret": "0996988c58ca76cedd9a8069c7c30b2321b45ab8",
        "is_verified": false
      }
    ],
    "reviews/2026-08-14-hermes-active-run-steer-lighthouse.json": [
      {
        "type": "Hex High Entropy String",
        "filename": "reviews/2026-08-14-hermes-active-run-steer-lighthouse.json",
        "hashed_secret": "112b91c1f488d10d2513cabe51a3d58ceb65e8a0",
        "is_verified": false
      }
    ],
    "reviews/2026-08-14-hermes-event-refresh-coordinator-lighthouse.json": [
      {
        "type": "Hex High Entropy String",
        "filename": "reviews/2026-08-14-hermes-event-refresh-coordinator-lighthouse.json",
        "hashed_secret": "18921dfbe209476080ff68585c4a437e75a16301",
        "is_verified": false
      }
    ],
    "reviews/2026-08-14-hermes-native-event-migration-lighthouse.json": [
      {
        "type": "Hex High Entropy String",
        "filename": "reviews/2026-08-14-hermes-native-event-migration-lighthouse.json",
        "hashed_secret": "71434a3a5f71385b8096e117d6cece2762ae4794",
        "is_verified": false
      }
    ],
    "reviews/2026-08-14-hermes-webhook-health-setup-lighthouse.json": [
      {
        "type": "Hex High Entropy String",
        "filename": "reviews/2026-08-14-hermes-webhook-health-setup-lighthouse.json",
        "hashed_secret": "4e3d751c38f8aceb3d0bd22891c3f24325a14c02",
        "is_verified": false
      }
    ],
    "scripts/hermes_webhook_live_validation.py": [
      {
        "type": "Hex High Entropy String",
        "filename": "scripts/hermes_webhook_live_validation.py",
        "hashed_secret": "cc8151fe47d03b9df0559f7ba880e82b1ab599cd",
        "is_verified": false
      }
    ],
    "scripts/validate_hermes_native_events.py": [
      {
        "type": "Hex High Entropy String",
        "filename": "scripts/validate_hermes_native_events.py",
        "hashed_secret": "cc8151fe47d03b9df0559f7ba880e82b1ab599cd",
        "is_verified": false
      },
      {
        "type": "Hex High Entropy String",
        "filename": "scripts/validate_hermes_native_events.py",
        "hashed_secret": "fa1df71f955c10d00b761ef46746d5f41dde5488",
        "is_verified": false
      },
      {
        "type": "Hex High Entropy String",
        "filename": "scripts/validate_hermes_native_events.py",
        "hashed_secret": "3112143b81d1723b38f28f97fcdf4030ccd4f051",
        "is_verified": false
      },
      {
        "type": "Hex High Entropy String",
        "filename": "scripts/validate_hermes_native_events.py",
        "hashed_secret": "7486e20776577129d150fb489e4d0fb8a1356333",
        "is_verified": false
      },
      {
        "type": "Hex High Entropy String",
        "filename": "scripts/validate_hermes_native_events.py",
        "hashed_secret": "ce9614b8c91945d35b8f1ca4a377364e08ce788d",
        "is_verified": false
      },
      {
        "type": "Hex High Entropy String",
        "filename": "scripts/validate_hermes_native_events.py",
        "hashed_secret": "912ecd4aad942b34ceeab257d05b7600ff696533",
        "is_verified": false
      },
      {
        "type": "Hex High Entropy String",
        "filename": "scripts/validate_hermes_native_events.py",
        "hashed_secret": "acf01db9ae457480d1c63d3bb91e84e67898e3b5",
        "is_verified": false
      },
      {
        "type": "Hex High Entropy String",
        "filename": "scripts/validate_hermes_native_events.py",
        "hashed_secret": "7f1f69d74eff518c604a6c754f9b05a0082701eb",
        "is_verified": false
      },
      {
        "type": "Hex High Entropy String",
        "filename": "scripts/validate_hermes_native_events.py",
        "hashed_secret": "da19ad8f2346c3c67827bcd4d53491e543fd2443",
        "is_verified": false
      },
      {
        "type": "Hex High Entropy String",
        "filename": "scripts/validate_hermes_native_events.py",
        "hashed_secret": "9c148b216eeaf56120284dc49ceac88f319d1c24",
        "is_verified": false
      }
    ],
    "skills-lock.json": [
      {
        "type": "Hex High Entropy String",
        "filename": "skills-lock.json",
        "hashed_secret": "9be8c7586089d50c74d4a25dbab2872961bcc001",
        "is_verified": false
      }
    ],
    "tests/test_agent_console_attachments.py": [
      {
        "type": "Base64 High Entropy String",
        "filename": "tests/test_agent_console_attachments.py",
        "hashed_secret": "edd2e7ac4f61d0c606e80a0919d727540842a307",
        "is_verified": false
      },
      {
        "type": "Base64 High Entropy String",
        "filename": "tests/test_agent_console_attachments.py",
        "hashed_secret": "44c7c06303b8d997f101731a5c3aaa4ef4a755fe",
        "is_verified": false
      },
      {
        "type": "Basic Auth Credentials",
        "filename": "tests/test_agent_console_attachments.py",
        "hashed_secret": "1918d0e1c99a8fa379335b6c9d3d9d74c5adebef",
        "is_verified": false
      }
    ],
    "tests/test_agent_run_events.py": [
      {
        "type": "Secret Keyword",
        "filename": "tests/test_agent_run_events.py",
        "hashed_secret": "a706d51865d917b1111a0a7a81a5e7e73589f735",
        "is_verified": false
      }
    ],
    "tests/test_agent_run_history.py": [
      {
        "type": "Base64 High Entropy String",
        "filename": "tests/test_agent_run_history.py",
        "hashed_secret": "dd65cdc15a214493887d788b8e877c996fa67469",
        "is_verified": false
      },
      {
        "type": "Base64 High Entropy String",
        "filename": "tests/test_agent_run_history.py",
        "hashed_secret": "8e2a91d8a2e3cb46a6fa3aaf4744ffc271fcb2e1",
        "is_verified": false
      },
      {
        "type": "Private Key",
        "filename": "tests/test_agent_run_history.py",
        "hashed_secret": "be4fc4886bd949b369d5e092eb87494f12e57e5b",
        "is_verified": false
      },
      {
        "type": "Secret Keyword",
        "filename": "tests/test_agent_run_history.py",
        "hashed_secret": "fc64b21ba679848f055d95f3286770cfa248bf96",
        "is_verified": false
      }
    ],
    "tests/test_hermes_020_product_decisions.py": [
      {
        "type": "Hex High Entropy String",
        "filename": "tests/test_hermes_020_product_decisions.py",
        "hashed_secret": "cc8151fe47d03b9df0559f7ba880e82b1ab599cd",
        "is_verified": false
      }
    ],
    "tests/test_hermes_native_event_source.py": [
      {
        "type": "Hex High Entropy String",
        "filename": "tests/test_hermes_native_event_source.py",
        "hashed_secret": "cc8151fe47d03b9df0559f7ba880e82b1ab599cd",
        "is_verified": false
      }
    ],
    "tests/test_hermes_provider_switching.py": [
      {
        "type": "Private Key",
        "filename": "tests/test_hermes_provider_switching.py",
        "hashed_secret": "be4fc4886bd949b369d5e092eb87494f12e57e5b",
        "is_verified": false
      },
      {
        "type": "Secret Keyword",
        "filename": "tests/test_hermes_provider_switching.py",
        "hashed_secret": "05baadf86b23d3dafaf432263a7cf24d0287a350",
        "is_verified": false
      }
    ],
    "tests/test_hermes_transport.py": [
      {
        "type": "Secret Keyword",
        "filename": "tests/test_hermes_transport.py",
        "hashed_secret": "c2172d9cbbbcbf173a8d3c36859b33c7118ac9c6",
        "is_verified": false
      }
    ],
    "tests/test_hermes_webhook_health.py": [
      {
        "type": "Secret Keyword",
        "filename": "tests/test_hermes_webhook_health.py",
        "hashed_secret": "2f87751ae729118cc702e10fcc862aef25ea3eaa",
        "is_verified": false
      },
      {
        "type": "Secret Keyword",
        "filename": "tests/test_hermes_webhook_health.py",
        "hashed_secret": "987c990537314d2f80f88ccc8073e2a7969f954b",
        "is_verified": false
      },
      {
        "type": "Secret Keyword",
        "filename": "tests/test_hermes_webhook_health.py",
        "hashed_secret": "b2b6cb744d03f7abbffa221a1fb75cc716933891",
        "is_verified": false
      },
      {
        "type": "Secret Keyword",
        "filename": "tests/test_hermes_webhook_health.py",
        "hashed_secret": "cc16865b4262ef50b24ed56ffccb440555fad6a5",
        "is_verified": false
      },
      {
        "type": "Secret Keyword",
        "filename": "tests/test_hermes_webhook_health.py",
        "hashed_secret": "47f09bb8e1f7afc095f90e1dd3c9601bc659a4eb",
        "is_verified": false
      },
      {
        "type": "Secret Keyword",
        "filename": "tests/test_hermes_webhook_health.py",
        "hashed_secret": "1d59c1809a1d42ca5afbbc7ba62e10f06ffaa78a",
        "is_verified": false
      }
    ],
    "tests/test_mentat_setup.py": [
      {
        "type": "Secret Keyword",
        "filename": "tests/test_mentat_setup.py",
        "hashed_secret": "1977e863ae8fd82d091532c13250fe10ea8d65e6",
        "is_verified": false
      },
      {
        "type": "Secret Keyword",
        "filename": "tests/test_mentat_setup.py",
        "hashed_secret": "ad29c7c3b68cf95d61db5c2ea427aa1f524db5f8",
        "is_verified": false
      },
      {
        "type": "Secret Keyword",
        "filename": "tests/test_mentat_setup.py",
        "hashed_secret": "16c4afd7a3733aadb15d89c9508085db2d4428e4",
        "is_verified": false
      },
      {
        "type": "Secret Keyword",
        "filename": "tests/test_mentat_setup.py",
        "hashed_secret": "5ca17175956319d895dfa547f877a368680af416",
        "is_verified": false
      }
    ],
    "tests/test_packaging_cli.py": [
      {
        "type": "Secret Keyword",
        "filename": "tests/test_packaging_cli.py",
        "hashed_secret": "7526c29f1b48df1a5e7f628762ed35289e47846e",
        "is_verified": false
      }
    ],
    "tests/test_remote_capability_inventory.py": [
      {
        "type": "Secret Keyword",
        "filename": "tests/test_remote_capability_inventory.py",
        "hashed_secret": "ab9b3f58c2e4be15a345aebaa050440c5fa024be",
        "is_verified": false
      }
    ],
    "tests/test_remote_console_runs.py": [
      {
        "type": "Secret Keyword",
        "filename": "tests/test_remote_console_runs.py",
        "hashed_secret": "5882e40682b1fdd97e02bf8ac8d9831797870cf0",
        "is_verified": false
      }
    ],
    "tests/test_remote_hermes.py": [
      {
        "type": "Secret Keyword",
        "filename": "tests/test_remote_hermes.py",
        "hashed_secret": "7cc935fd8023825c9b94dce1946f843e26433118",
        "is_verified": false
      },
      {
        "type": "Basic Auth Credentials",
        "filename": "tests/test_remote_hermes.py",
        "hashed_secret": "9d4e1e23bd5b727046a9e3b4b7db57bd8d6ee684",
        "is_verified": false
      }
    ],
    "tests/test_remote_kanban_artifacts.py": [
      {
        "type": "Base64 High Entropy String",
        "filename": "tests/test_remote_kanban_artifacts.py",
        "hashed_secret": "a360d489427ca4c4ac9dfbc5ed53c47d53ca40eb",
        "is_verified": false
      }
    ],
    "tests/test_remote_sessions.py": [
      {
        "type": "Secret Keyword",
        "filename": "tests/test_remote_sessions.py",
        "hashed_secret": "77599f4e4b391341beb3135471de4e11321812e2",
        "is_verified": false
      },
      {
        "type": "Private Key",
        "filename": "tests/test_remote_sessions.py",
        "hashed_secret": "1348b145fa1a555461c1b790a2f66614781091e9",
        "is_verified": false
      },
      {
        "type": "Private Key",
        "filename": "tests/test_remote_sessions.py",
        "hashed_secret": "27c6929aef41ae2bcadac15ca6abcaff72cda9cd",
        "is_verified": false
      },
      {
        "type": "Basic Auth Credentials",
        "filename": "tests/test_remote_sessions.py",
        "hashed_secret": "9d4e1e23bd5b727046a9e3b4b7db57bd8d6ee684",
        "is_verified": false
      }
    ]
  },
  "generated_at": "2026-07-30T01:32:34Z"
}
