{
  "version": "1.5.0",
  "plugins_used": [
    {
      "name": "ArtifactoryDetector"
    },
    {
      "name": "AWSKeyDetector"
    },
    {
      "name": "AzureStorageKeyDetector"
    },
    {
      "name": "Base64HighEntropyString",
      "limit": 4.5
    },
    {
      "name": "BasicAuthDetector"
    },
    {
      "name": "CloudantDetector"
    },
    {
      "name": "DiscordBotTokenDetector"
    },
    {
      "name": "GitHubTokenDetector"
    },
    {
      "name": "GitLabTokenDetector"
    },
    {
      "name": "HexHighEntropyString",
      "limit": 3.0
    },
    {
      "name": "IbmCloudIamDetector"
    },
    {
      "name": "IbmCosHmacDetector"
    },
    {
      "name": "IPPublicDetector"
    },
    {
      "name": "JwtTokenDetector"
    },
    {
      "name": "KeywordDetector",
      "keyword_exclude": ""
    },
    {
      "name": "MailchimpDetector"
    },
    {
      "name": "NpmDetector"
    },
    {
      "name": "OpenAIDetector"
    },
    {
      "name": "PrivateKeyDetector"
    },
    {
      "name": "PypiTokenDetector"
    },
    {
      "name": "SendGridDetector"
    },
    {
      "name": "SlackDetector"
    },
    {
      "name": "SoftlayerDetector"
    },
    {
      "name": "SquareOAuthDetector"
    },
    {
      "name": "StripeDetector"
    },
    {
      "name": "TelegramBotTokenDetector"
    },
    {
      "name": "TwilioKeyDetector"
    }
  ],
  "filters_used": [
    {
      "path": "detect_secrets.filters.allowlist.is_line_allowlisted"
    },
    {
      "path": "detect_secrets.filters.heuristic.is_indirect_reference"
    },
    {
      "path": "detect_secrets.filters.heuristic.is_likely_id_string"
    },
    {
      "path": "detect_secrets.filters.heuristic.is_lock_file"
    },
    {
      "path": "detect_secrets.filters.heuristic.is_not_alphanumeric_string"
    },
    {
      "path": "detect_secrets.filters.heuristic.is_potential_uuid"
    },
    {
      "path": "detect_secrets.filters.heuristic.is_prefixed_with_dollar_sign"
    },
    {
      "path": "detect_secrets.filters.heuristic.is_sequential_string"
    },
    {
      "path": "detect_secrets.filters.heuristic.is_swagger_file"
    },
    {
      "path": "detect_secrets.filters.heuristic.is_templated_secret"
    }
  ],
  "results": {
    "agent_console_attachments.py": [
      {
        "type": "Private Key",
        "filename": "agent_console_attachments.py",
        "hashed_secret": "1348b145fa1a555461c1b790a2f66614781091e9",
        "is_verified": false
      },
      {
        "type": "Private Key",
        "filename": "agent_console_attachments.py",
        "hashed_secret": "be4fc4886bd949b369d5e092eb87494f12e57e5b",
        "is_verified": false
      },
      {
        "type": "Private Key",
        "filename": "agent_console_attachments.py",
        "hashed_secret": "27c6929aef41ae2bcadac15ca6abcaff72cda9cd",
        "is_verified": false
      },
      {
        "type": "Private Key",
        "filename": "agent_console_attachments.py",
        "hashed_secret": "f0778f3e140a61d5bbbed5430773e52af2f5fba4",
        "is_verified": false
      }
    ],
    "skills-lock.json": [
      {
        "type": "Hex High Entropy String",
        "filename": "skills-lock.json",
        "hashed_secret": "9be8c7586089d50c74d4a25dbab2872961bcc001",
        "is_verified": false
      }
    ],
    "tests/test_agent_console_attachments.py": [
      {
        "type": "Base64 High Entropy String",
        "filename": "tests/test_agent_console_attachments.py",
        "hashed_secret": "edd2e7ac4f61d0c606e80a0919d727540842a307",
        "is_verified": false
      }
    ],
    "tests/test_agent_run_events.py": [
      {
        "type": "Secret Keyword",
        "filename": "tests/test_agent_run_events.py",
        "hashed_secret": "a706d51865d917b1111a0a7a81a5e7e73589f735",
        "is_verified": false
      }
    ],
    "tests/test_agent_run_history.py": [
      {
        "type": "Base64 High Entropy String",
        "filename": "tests/test_agent_run_history.py",
        "hashed_secret": "dd65cdc15a214493887d788b8e877c996fa67469",
        "is_verified": false
      },
      {
        "type": "Base64 High Entropy String",
        "filename": "tests/test_agent_run_history.py",
        "hashed_secret": "8e2a91d8a2e3cb46a6fa3aaf4744ffc271fcb2e1",
        "is_verified": false
      },
      {
        "type": "Private Key",
        "filename": "tests/test_agent_run_history.py",
        "hashed_secret": "be4fc4886bd949b369d5e092eb87494f12e57e5b",
        "is_verified": false
      },
      {
        "type": "Secret Keyword",
        "filename": "tests/test_agent_run_history.py",
        "hashed_secret": "fc64b21ba679848f055d95f3286770cfa248bf96",
        "is_verified": false
      }
    ],
    "tests/test_hermes_provider_switching.py": [
      {
        "type": "Private Key",
        "filename": "tests/test_hermes_provider_switching.py",
        "hashed_secret": "be4fc4886bd949b369d5e092eb87494f12e57e5b",
        "is_verified": false
      },
      {
        "type": "Secret Keyword",
        "filename": "tests/test_hermes_provider_switching.py",
        "hashed_secret": "05baadf86b23d3dafaf432263a7cf24d0287a350",
        "is_verified": false
      }
    ],
    "tests/test_hermes_transport.py": [
      {
        "type": "Secret Keyword",
        "filename": "tests/test_hermes_transport.py",
        "hashed_secret": "c2172d9cbbbcbf173a8d3c36859b33c7118ac9c6",
        "is_verified": false
      }
    ],
    "tests/test_remote_capability_inventory.py": [
      {
        "type": "Secret Keyword",
        "filename": "tests/test_remote_capability_inventory.py",
        "hashed_secret": "ab9b3f58c2e4be15a345aebaa050440c5fa024be",
        "is_verified": false
      }
    ],
    "tests/test_remote_console_runs.py": [
      {
        "type": "Secret Keyword",
        "filename": "tests/test_remote_console_runs.py",
        "hashed_secret": "5882e40682b1fdd97e02bf8ac8d9831797870cf0",
        "is_verified": false
      }
    ],
    "tests/test_remote_hermes.py": [
      {
        "type": "Secret Keyword",
        "filename": "tests/test_remote_hermes.py",
        "hashed_secret": "7cc935fd8023825c9b94dce1946f843e26433118",
        "is_verified": false
      },
      {
        "type": "Basic Auth Credentials",
        "filename": "tests/test_remote_hermes.py",
        "hashed_secret": "9d4e1e23bd5b727046a9e3b4b7db57bd8d6ee684",
        "is_verified": false
      }
    ],
    "tests/test_remote_sessions.py": [
      {
        "type": "Secret Keyword",
        "filename": "tests/test_remote_sessions.py",
        "hashed_secret": "77599f4e4b391341beb3135471de4e11321812e2",
        "is_verified": false
      },
      {
        "type": "Private Key",
        "filename": "tests/test_remote_sessions.py",
        "hashed_secret": "1348b145fa1a555461c1b790a2f66614781091e9",
        "is_verified": false
      },
      {
        "type": "Private Key",
        "filename": "tests/test_remote_sessions.py",
        "hashed_secret": "27c6929aef41ae2bcadac15ca6abcaff72cda9cd",
        "is_verified": false
      },
      {
        "type": "Basic Auth Credentials",
        "filename": "tests/test_remote_sessions.py",
        "hashed_secret": "9d4e1e23bd5b727046a9e3b4b7db57bd8d6ee684",
        "is_verified": false
      }
    ]
  },
  "generated_at": "2026-07-21T05:23:06Z"
}
